// Jest Snapshot v1, https://goo.gl/fbAQLP

exports[`Dashboard should show the data in flat list 1`] = `
<View
  style={
    {
      "flex": 1,
      "padding": 5,
    }
  }
>
  <RCTScrollView
    bounces={true}
    getItem={[Function]}
    getItemCount={[Function]}
    keyExtractor={[Function]}
    onContentSizeChange={[Function]}
    onLayout={[Function]}
    onMomentumScrollBegin={[Function]}
    onMomentumScrollEnd={[Function]}
    onScroll={[Function]}
    onScrollBeginDrag={[Function]}
    onScrollEndDrag={[Function]}
    removeClippedSubviews={false}
    renderItem={[Function]}
    scrollEventThrottle={50}
    showsVerticalScrollIndicator={false}
    stickyHeaderIndices={[]}
    testID="blogList"
    viewabilityConfigCallbackPairs={[]}
  >
    <View />
  </RCTScrollView>
</View>
`;
